Archive member included to satisfy reference by file (symbol)

c:/sysgcc/arm-eabi/bin/../lib/gcc/arm-eabi/7.2.0/thumb/cortex_m3\libgcc.a(_aeabi_ldivmod.o)
                              rtos.o (__aeabi_ldivmod)
c:/sysgcc/arm-eabi/bin/../lib/gcc/arm-eabi/7.2.0/thumb/cortex_m3\libgcc.a(_aeabi_uldivmod.o)
                              rtos.o (__aeabi_uldivmod)
c:/sysgcc/arm-eabi/bin/../lib/gcc/arm-eabi/7.2.0/thumb/cortex_m3\libgcc.a(_udivmoddi4.o)
                              c:/sysgcc/arm-eabi/bin/../lib/gcc/arm-eabi/7.2.0/thumb/cortex_m3\libgcc.a(_aeabi_ldivmod.o) (__udivmoddi4)
c:/sysgcc/arm-eabi/bin/../lib/gcc/arm-eabi/7.2.0/thumb/cortex_m3\libgcc.a(_dvmd_tls.o)
                              c:/sysgcc/arm-eabi/bin/../lib/gcc/arm-eabi/7.2.0/thumb/cortex_m3\libgcc.a(_aeabi_ldivmod.o) (__aeabi_ldiv0)
c:/sysgcc/arm-eabi/bin/../lib/gcc/arm-eabi/7.2.0/../../../../arm-eabi/lib/thumb/cortex_m3\libc.a(lib_a-memset.o)
                              main.o (memset)

Allocating common symbols
Common symbol       size              file

__dso_handle        0x4               bmptk_cortex.o

Discarded input sections

 .data          0x00000000        0x0 switch_to.o
 .bss           0x00000000        0x0 switch_to.o
 .group         0x00000000        0x8 coroutine.o
 .text          0x00000000        0x0 coroutine.o
 .data          0x00000000        0x0 coroutine.o
 .bss           0x00000000        0x0 coroutine.o
 .text._ZN3due11ad_pin_infoENS_7ad_pinsE
                0x00000000       0x1c coroutine.o
 .text._ZN3due11ad_seq_infoEm
                0x00000000       0x20 coroutine.o
 .text._ZN5hwlib19uart_char_availableEv
                0x00000000        0x4 coroutine.o
 .text._ZN5hwlib9uart_getcEv
                0x00000000        0x4 coroutine.o
 .rodata._ZZN3due11ad_pin_infoENS_7ad_pinsEE17ad_pin_info_array
                0x00000000        0xc coroutine.o
 .rodata._ZZN3due11ad_seq_infoEmE12ad_seq_array
                0x00000000       0x70 coroutine.o
 .group         0x00000000        0x8 rtos.o
 .group         0x00000000        0x8 rtos.o
 .group         0x00000000        0x8 rtos.o
 .group         0x00000000        0x8 rtos.o
 .group         0x00000000        0x8 rtos.o
 .group         0x00000000        0x8 rtos.o
 .group         0x00000000        0x8 rtos.o
 .group         0x00000000        0x8 rtos.o
 .group         0x00000000        0x8 rtos.o
 .group         0x00000000        0x8 rtos.o
 .group         0x00000000        0x8 rtos.o
 .group         0x00000000        0x8 rtos.o
 .group         0x00000000        0x8 rtos.o
 .group         0x00000000        0x8 rtos.o
 .text          0x00000000        0x0 rtos.o
 .data          0x00000000        0x0 rtos.o
 .bss           0x00000000        0x0 rtos.o
 .text._ZN6sam3xa10SystemInitEv
                0x00000000       0x7c rtos.o
 .text._ZN3due8pin_infoENS_4pinsE
                0x00000000       0x20 rtos.o
 .text._ZN3due11ad_pin_infoENS_7ad_pinsE
                0x00000000       0x1c rtos.o
 .text._ZN3due11ad_seq_infoEm
                0x00000000       0x20 rtos.o
 .text._ZN3due14port_registersEm
                0x00000000       0x48 rtos.o
 .text._ZN3due12ticks_per_usEv
                0x00000000        0x6 rtos.o
 .text._ZN3due9now_ticksEv
                0x00000000       0x74 rtos.o
 .text._ZN5hwlib9uart_putcEc
                0x00000000        0x4 rtos.o
 .text._ZN5hwlib19uart_char_availableEv
                0x00000000        0x4 rtos.o
 .text._ZN5hwlib9uart_getcEv
                0x00000000        0x4 rtos.o
 .text._ZNK4rtos5eventneERKS0_
                0x00000000       0x3c rtos.o
 .text._ZNK4rtos5eventneERKNS_8waitableE
                0x00000000       0x1c rtos.o
 .text._ZNK4rtos5event5printERN5hwlib7ostreamE
                0x00000000       0x30 rtos.o
 .text._ZN4rtos5timer3setEm
                0x00000000        0xe rtos.o
 .text._ZN4rtos5timer5startEm
                0x00000000        0xe rtos.o
 .text._ZN4rtos5mutex4waitEv
                0x00000000       0x30 rtos.o
 .text._ZN4rtos5mutex6signalEv
                0x00000000       0x50 rtos.o
 .text._ZN4rtos5mutexD2Ev
                0x00000000       0x28 rtos.o
 .text._ZlsRN5hwlib7ostreamERKN4rtos9task_baseE
                0x00000000       0x12 rtos.o
 .text._ZlsRN5hwlib7ostreamERKN4rtos4flagE
                0x00000000       0x12 rtos.o
 .text._ZlsRN5hwlib7ostreamERKN4rtos5eventE
                0x00000000       0x10 rtos.o
 .text._ZlsRN5hwlib7ostreamERKN4rtos5timerE
                0x00000000       0x12 rtos.o
 .text._ZlsRN5hwlib7ostreamERKN4rtos5clockE
                0x00000000       0x12 rtos.o
 .text._ZlsRN5hwlib7ostreamERKN4rtos12channel_baseE
                0x00000000       0x12 rtos.o
 .text._ZlsRN5hwlib7ostreamERKN4rtos5mutexE
                0x00000000       0x12 rtos.o
 .text._ZlsRN5hwlib7ostreamERKN4rtos12mailbox_baseE
                0x00000000       0x12 rtos.o
 .text._ZlsRN5hwlib7ostreamERKN4rtos9pool_baseE
                0x00000000       0x12 rtos.o
 .text._ZNK4rtos9task_base4nameEv
                0x00000000        0x4 rtos.o
 .text._ZN4rtos3addEPNS_5mutexE
                0x00000000       0x10 rtos.o
 .text._ZN4rtos5mutexC2EPKc
                0x00000000       0x1c rtos.o
 .text._ZN4rtos3addEPNS_12mailbox_baseE
                0x00000000       0x10 rtos.o
 .text._ZN4rtos12mailbox_baseC2EPKc
                0x00000000       0x1e rtos.o
 .text._ZN4rtos19do_statistics_clearEv
                0x00000000       0x18 rtos.o
 .text._ZN4rtos18display_statisticsEv
                0x00000000       0x28 rtos.o
 .text._ZN5hwlib7wait_nsEi
                0x00000000       0x10 rtos.o
 .bss._ZZN3due9now_ticksEvE4high
                0x00000000        0x8 rtos.o
 .bss._ZZN3due9now_ticksEvE8last_low
                0x00000000        0x4 rtos.o
 .bss._ZZN3due9now_ticksEvE9init_done
                0x00000000        0x1 rtos.o
 .data._ZN6sam3xa15SystemCoreClockE
                0x00000000        0x4 rtos.o
 .rodata._ZN3due8pin_infoENS_4pinsE.str1.1
                0x00000000       0x2b rtos.o
 .rodata._ZN4rtos5mutex6signalEv.str1.1
                0x00000000       0x21 rtos.o
 .rodata._ZN4rtos5mutexD2Ev.str1.1
                0x00000000       0x18 rtos.o
 .rodata._ZNK4rtos5event5printERN5hwlib7ostreamE.str1.1
                0x00000000        0xf rtos.o
 .rodata._ZZN3due11ad_pin_infoENS_7ad_pinsEE17ad_pin_info_array
                0x00000000        0xc rtos.o
 .rodata._ZZN3due11ad_seq_infoEmE12ad_seq_array
                0x00000000       0x70 rtos.o
 .rodata._ZZN3due8pin_infoENS_4pinsEE14pin_info_array
                0x00000000       0xa4 rtos.o
 .group         0x00000000        0x8 hwlib.o
 .group         0x00000000        0x8 hwlib.o
 .group         0x00000000        0x8 hwlib.o
 .group         0x00000000        0x8 hwlib.o
 .group         0x00000000        0x8 hwlib.o
 .group         0x00000000        0x8 hwlib.o
 .group         0x00000000        0x8 hwlib.o
 .group         0x00000000        0x8 hwlib.o
 .group         0x00000000        0x8 hwlib.o
 .group         0x00000000        0x8 hwlib.o
 .group         0x00000000        0x8 hwlib.o
 .group         0x00000000        0x8 hwlib.o
 .group         0x00000000        0x8 hwlib.o
 .group         0x00000000        0x8 hwlib.o
 .group         0x00000000        0x8 hwlib.o
 .group         0x00000000        0x8 hwlib.o
 .group         0x00000000        0x8 hwlib.o
 .group         0x00000000        0x8 hwlib.o
 .group         0x00000000        0x8 hwlib.o
 .group         0x00000000        0x8 hwlib.o
 .group         0x00000000        0x8 hwlib.o
 .group         0x00000000        0x8 hwlib.o
 .group         0x00000000        0x8 hwlib.o
 .group         0x00000000        0x8 hwlib.o
 .group         0x00000000        0x8 hwlib.o
 .group         0x00000000        0x8 hwlib.o
 .group         0x00000000        0x8 hwlib.o
 .group         0x00000000        0x8 hwlib.o
 .group         0x00000000        0x8 hwlib.o
 .group         0x00000000        0x8 hwlib.o
 .group         0x00000000        0x8 hwlib.o
 .group         0x00000000        0x8 hwlib.o
 .group         0x00000000        0x8 hwlib.o
 .group         0x00000000        0x8 hwlib.o
 .group         0x00000000        0x8 hwlib.o
 .group         0x00000000        0x8 hwlib.o
 .text          0x00000000        0x0 hwlib.o
 .data          0x00000000        0x0 hwlib.o
 .bss           0x00000000        0x0 hwlib.o
 .text._ZN5hwlib10pin_in_out7refreshEv
                0x00000000        0x2 hwlib.o
 .text._ZN5hwlib10pin_in_out5flushEv
                0x00000000        0x2 hwlib.o
 .text._ZN5hwlib23_pin_in_out_dummy_class3setEbNS_9bufferingE
                0x00000000        0x2 hwlib.o
 .text._ZN5hwlib23_pin_in_out_dummy_class3getENS_9bufferingE
                0x00000000        0x4 hwlib.o
 .text._ZN5hwlib23_pin_in_out_dummy_class19direction_set_inputEv
                0x00000000        0x2 hwlib.o
 .text._ZN5hwlib23_pin_in_out_dummy_class20direction_set_outputEv
                0x00000000        0x2 hwlib.o
 .text._ZN5hwlib20_pin_out_dummy_class3setEbNS_9bufferingE
                0x00000000        0x2 hwlib.o
 .text._ZN5hwlib7ostream6fillerEi
                0x00000000       0x1a hwlib.o
 .text._ZN5hwliblsERNS_7ostreamEPKc
                0x00000000       0x54 hwlib.o
 .text._ZN5hwliblsERNS_7ostreamEx
                0x00000000      0x102 hwlib.o
 .text._ZN5hwliblsERNS_7ostreamENS_8locationE
                0x00000000       0x3c hwlib.o
 .text._ZN5hwlib4line4drawERNS_6windowENS_9bufferingE
                0x00000000       0xa8 hwlib.o
 .text._ZN5hwlib6circle4drawERNS_6windowENS_9bufferingE
                0x00000000      0x314 hwlib.o
 .text._ZN5hwlib4randEv
                0x00000000       0x20 hwlib.o
 .text._ZN5hwlib15random_in_rangeEjj
                0x00000000       0x1a hwlib.o
 .text._ZN6sam3xa10SystemInitEv
                0x00000000       0x7c hwlib.o
 .text._ZN3due8pin_infoENS_4pinsE
                0x00000000       0x20 hwlib.o
 .text._ZN3due11ad_pin_infoENS_7ad_pinsE
                0x00000000       0x1c hwlib.o
 .text._ZN3due11ad_seq_infoEm
                0x00000000       0x20 hwlib.o
 .text._ZN3due14port_registersEm
                0x00000000       0x48 hwlib.o
 .text._ZN3due12ticks_per_usEv
                0x00000000        0x6 hwlib.o
 .text._ZN3due9now_ticksEv
                0x00000000       0x74 hwlib.o
 .text._ZN3due19uart_char_availableEv
                0x00000000       0x18 hwlib.o
 .text._ZN3due9uart_getcEv
                0x00000000       0x18 hwlib.o
 .text._ZN5hwlib9uart_putcEc
                0x00000000        0x4 hwlib.o
 .text._ZN5hwlib19uart_char_availableEv
                0x00000000        0x4 hwlib.o
 .text._ZN5hwlib19cin_using_uart_getc14char_availableEv
                0x00000000        0x8 hwlib.o
 .text._ZN5hwlib9uart_getcEv
                0x00000000        0x4 hwlib.o
 .text._ZN5hwlib19cin_using_uart_getc4getcEv
                0x00000000        0x8 hwlib.o
 .text._ZN5hwlib9now_ticksEv
                0x00000000        0x8 hwlib.o
 .text._ZN5hwlib12ticks_per_usEv
                0x00000000        0x8 hwlib.o
 .text._ZN5hwlib24uart_getc_bit_banged_pinERNS_6pin_inE
                0x00000000       0x76 hwlib.o
 .text._ZN5hwlib24uart_putc_bit_banged_pinEcRNS_7pin_outE
                0x00000000       0x66 hwlib.o
 .text._ZN5hwlib7wait_usEi
                0x00000000        0x4 hwlib.o
 .text._ZN5hwlib7wait_msEi
                0x00000000       0x16 hwlib.o
 .text._ZN5hwlib5blinkERNS_7pin_outEj
                0x00000000       0x2c hwlib.o
 .text._ZN5hwlib4kittERNS_11port_in_outEj
                0x00000000       0x58 hwlib.o
 .text._ZN5hwlib4kittERNS_8port_outEj
                0x00000000       0x52 hwlib.o
 .text._ZN5hwlib4kittERNS_7port_ocEj
                0x00000000       0x52 hwlib.o
 .text._ZN5hwlib21graphics_random_linesERNS_6windowEj
                0x00000000       0xfc hwlib.o
 .text._ZN5hwlib23graphics_random_circlesERNS_6windowEj
                0x00000000       0x7c hwlib.o
 .text._ZN5hwlib12dac_triangleERNS_3dacEj
                0x00000000       0x36 hwlib.o
 .rodata._ZTVN5hwlib19cin_using_uart_getcE
                0x00000000       0x14 hwlib.o
 .rodata._ZTVN5hwlib23_pin_in_out_dummy_classE
                0x00000000       0x20 hwlib.o
 .rodata._ZTVN5hwlib20_pin_out_dummy_classE
                0x00000000       0x10 hwlib.o
 .rodata._ZTVN5hwlib4lineE
                0x00000000        0xc hwlib.o
 .rodata._ZTVN5hwlib6circleE
                0x00000000        0xc hwlib.o
 .bss._ZZN3due9now_ticksEvE4high
                0x00000000        0x8 hwlib.o
 .bss._ZZN3due9now_ticksEvE8last_low
                0x00000000        0x4 hwlib.o
 .bss._ZZN3due9now_ticksEvE9init_done
                0x00000000        0x1 hwlib.o
 .bss._ZZN5hwlib4randEvE1n
                0x00000000        0x4 hwlib.o
 .data._ZN5hwlib13pin_out_dummyE
                0x00000000        0x4 hwlib.o
 .data._ZN5hwlib15font_16x16_dataE
                0x00000000      0xbe4 hwlib.o
 .data._ZN5hwlib16pin_in_out_dummyE
                0x00000000        0x4 hwlib.o
 .data._ZN5hwlib3cinE
                0x00000000        0x4 hwlib.o
 .data._ZN6sam3xa15SystemCoreClockE
                0x00000000        0x4 hwlib.o
 .rodata._ZN3due8pin_infoENS_4pinsE.str1.1
                0x00000000       0x2b hwlib.o
 .rodata._ZN5hwliblsERNS_7ostreamENS_8locationE.str1.1
                0x00000000        0x6 hwlib.o
 .rodata._ZZN3due11ad_pin_infoENS_7ad_pinsEE17ad_pin_info_array
                0x00000000        0xc hwlib.o
 .rodata._ZZN3due11ad_seq_infoEmE12ad_seq_array
                0x00000000       0x70 hwlib.o
 .rodata._ZZN3due8pin_infoENS_4pinsEE14pin_info_array
                0x00000000       0xa4 hwlib.o
 .group         0x00000000        0x8 main.o
 .group         0x00000000        0x8 main.o
 .group         0x00000000        0x8 main.o
 .group         0x00000000        0x8 main.o
 .group         0x00000000        0x8 main.o
 .group         0x00000000        0x8 main.o
 .group         0x00000000        0x8 main.o
 .group         0x00000000        0x8 main.o
 .group         0x00000000        0x8 main.o
 .group         0x00000000        0x8 main.o
 .group         0x00000000        0x8 main.o
 .group         0x00000000        0x8 main.o
 .group         0x00000000        0x8 main.o
 .group         0x00000000        0x8 main.o
 .group         0x00000000        0x8 main.o
 .group         0x00000000        0x8 main.o
 .group         0x00000000        0x8 main.o
 .group         0x00000000        0x8 main.o
 .group         0x00000000        0x8 main.o
 .group         0x00000000        0x8 main.o
 .group         0x00000000        0x8 main.o
 .group         0x00000000        0x8 main.o
 .group         0x00000000        0x8 main.o
 .group         0x00000000        0x8 main.o
 .group         0x00000000        0x8 main.o
 .group         0x00000000        0x8 main.o
 .group         0x00000000        0x8 main.o
 .group         0x00000000        0x8 main.o
 .group         0x00000000        0x8 main.o
 .group         0x00000000        0x8 main.o
 .group         0x00000000        0x8 main.o
 .group         0x00000000        0x8 main.o
 .group         0x00000000        0x8 main.o
 .group         0x00000000        0x8 main.o
 .group         0x00000000        0x8 main.o
 .group         0x00000000        0x8 main.o
 .group         0x00000000        0x8 main.o
 .group         0x00000000        0x8 main.o
 .group         0x00000000        0x8 main.o
 .group         0x00000000        0x8 main.o
 .group         0x00000000        0x8 main.o
 .group         0x00000000        0x8 main.o
 .group         0x00000000        0x8 main.o
 .group         0x00000000        0x8 main.o
 .group         0x00000000        0x8 main.o
 .group         0x00000000        0x8 main.o
 .group         0x00000000        0x8 main.o
 .group         0x00000000        0x8 main.o
 .group         0x00000000        0x8 main.o
 .group         0x00000000        0x8 main.o
 .group         0x00000000        0x8 main.o
 .group         0x00000000        0x8 main.o
 .group         0x00000000        0x8 main.o
 .group         0x00000000        0x8 main.o
 .group         0x00000000        0x8 main.o
 .group         0x00000000        0x8 main.o
 .group         0x00000000        0x8 main.o
 .group         0x00000000        0x8 main.o
 .group         0x00000000        0x8 main.o
 .group         0x00000000        0x8 main.o
 .group         0x00000000        0x8 main.o
 .group         0x00000000        0x8 main.o
 .group         0x00000000        0x8 main.o
 .group         0x00000000        0x8 main.o
 .group         0x00000000        0x8 main.o
 .group         0x00000000        0x8 main.o
 .group         0x00000000        0x8 main.o
 .group         0x00000000        0x8 main.o
 .group         0x00000000        0x8 main.o
 .group         0x00000000        0x8 main.o
 .group         0x00000000        0x8 main.o
 .group         0x00000000        0x8 main.o
 .group         0x00000000        0x8 main.o
 .group         0x00000000        0x8 main.o
 .group         0x00000000        0x8 main.o
 .group         0x00000000        0x8 main.o
 .group         0x00000000        0x8 main.o
 .group         0x00000000        0x8 main.o
 .group         0x00000000        0x8 main.o
 .group         0x00000000        0x8 main.o
 .group         0x00000000        0x8 main.o
 .group         0x00000000        0x8 main.o
 .group         0x00000000        0x8 main.o
 .text          0x00000000        0x0 main.o
 .data          0x00000000        0x0 main.o
 .bss           0x00000000        0x0 main.o
 .text._ZN5hwlib6pin_in7refreshEv
                0x00000000        0x2 main.o
 .text._ZN5hwlib7pin_out5flushEv
                0x00000000        0x2 main.o
 .text._ZN5hwlib6pin_oc7refreshEv
                0x00000000        0x2 main.o
 .text._ZN5hwlib6pin_oc5flushEv
                0x00000000        0x2 main.o
 .text._ZN5hwlib7ostream5flushEv
                0x00000000        0x2 main.o
 .text._ZN5hwlib7istream11getc_nowaitEv
                0x00000000       0x1a main.o
 .text._ZN4rtos8callback6cancelEv
                0x00000000        0xa main.o
 .text._ZN4rtos8waitable5clearEv
                0x00000000        0xa main.o
 .text._ZN5hwlib7ostreamlsEc
                0x00000000        0xe main.o
 .text._ZN5hwliblsERNS_7ostreamEPKc
                0x00000000       0x66 main.o
 .text._ZN5hwlib6window5writeENS_8locationENS_5colorENS_9bufferingE
                0x00000000       0x34 main.o
 .text._ZN6sam3xa10SystemInitEv
                0x00000000       0x7c main.o
 .text._ZN3due8pin_infoENS_4pinsE
                0x00000000       0x20 main.o
 .text._ZN3due11ad_pin_infoENS_7ad_pinsE
                0x00000000       0x1c main.o
 .text._ZN3due11ad_seq_infoEm
                0x00000000       0x20 main.o
 .text._ZN3due14port_registersEm
                0x00000000       0x48 main.o
 .text._ZN3due12ticks_per_usEv
                0x00000000        0x6 main.o
 .text._ZN3due9now_ticksEv
                0x00000000       0x74 main.o
 .text._ZN5hwlib9uart_putcEc
                0x00000000        0x4 main.o
 .text._ZN5hwlib19uart_char_availableEv
                0x00000000        0x4 main.o
 .text._ZN5hwlib9uart_getcEv
                0x00000000        0x4 main.o
 .text._ZN4rtos9task_baseD2Ev
                0x00000000       0x30 main.o
 .text._ZN4rtos9pool_baseD2Ev
                0x00000000       0x28 main.o
 .rodata._ZTVN4rtos8callbackE
                0x00000000       0x10 main.o
 .bss._ZZN3due9now_ticksEvE4high
                0x00000000        0x8 main.o
 .bss._ZZN3due9now_ticksEvE8last_low
                0x00000000        0x4 main.o
 .bss._ZZN3due9now_ticksEvE9init_done
                0x00000000        0x1 main.o
 .data._ZN6sam3xa15SystemCoreClockE
                0x00000000        0x4 main.o
 .rodata._ZN3due8pin_infoENS_4pinsE.str1.1
                0x00000000       0x2b main.o
 .rodata._ZN4rtos9pool_baseD2Ev.str1.1
                0x00000000       0x17 main.o
 .rodata._ZZN3due11ad_pin_infoENS_7ad_pinsEE17ad_pin_info_array
                0x00000000        0xc main.o
 .rodata._ZZN3due11ad_seq_infoEmE12ad_seq_array
                0x00000000       0x70 main.o
 .rodata._ZZN3due8pin_infoENS_4pinsEE14pin_info_array
                0x00000000       0xa4 main.o
 .text          0x00000000        0x0 bmptk_cortex.o
 .data          0x00000000        0x0 bmptk_cortex.o
 .bss           0x00000000        0x0 bmptk_cortex.o
 .text.__aeabi_idiv0
                0x00000000        0x4 bmptk_cortex.o
 COMMON         0x00000000        0x4 bmptk_cortex.o
 .text          0x00000000        0x0 bmptk_heap_bmptk.o
 .data          0x00000000        0x0 bmptk_heap_bmptk.o
 .bss           0x00000000        0x0 bmptk_heap_bmptk.o
 .text.free     0x00000000        0x4 bmptk_heap_bmptk.o
 .text          0x00000000        0x0 bmptk_fixed_size_stack.o
 .data          0x00000000        0x0 bmptk_fixed_size_stack.o
 .bss           0x00000000        0x0 bmptk_fixed_size_stack.o
 .data          0x00000000        0x0 c:/sysgcc/arm-eabi/bin/../lib/gcc/arm-eabi/7.2.0/thumb/cortex_m3\libgcc.a(_aeabi_ldivmod.o)
 .bss           0x00000000        0x0 c:/sysgcc/arm-eabi/bin/../lib/gcc/arm-eabi/7.2.0/thumb/cortex_m3\libgcc.a(_aeabi_ldivmod.o)
 .data          0x00000000        0x0 c:/sysgcc/arm-eabi/bin/../lib/gcc/arm-eabi/7.2.0/thumb/cortex_m3\libgcc.a(_aeabi_uldivmod.o)
 .bss           0x00000000        0x0 c:/sysgcc/arm-eabi/bin/../lib/gcc/arm-eabi/7.2.0/thumb/cortex_m3\libgcc.a(_aeabi_uldivmod.o)
 .data          0x00000000        0x0 c:/sysgcc/arm-eabi/bin/../lib/gcc/arm-eabi/7.2.0/thumb/cortex_m3\libgcc.a(_udivmoddi4.o)
 .bss           0x00000000        0x0 c:/sysgcc/arm-eabi/bin/../lib/gcc/arm-eabi/7.2.0/thumb/cortex_m3\libgcc.a(_udivmoddi4.o)
 .ARM.extab     0x00000000        0x0 c:/sysgcc/arm-eabi/bin/../lib/gcc/arm-eabi/7.2.0/thumb/cortex_m3\libgcc.a(_udivmoddi4.o)
 .data          0x00000000        0x0 c:/sysgcc/arm-eabi/bin/../lib/gcc/arm-eabi/7.2.0/thumb/cortex_m3\libgcc.a(_dvmd_tls.o)
 .bss           0x00000000        0x0 c:/sysgcc/arm-eabi/bin/../lib/gcc/arm-eabi/7.2.0/thumb/cortex_m3\libgcc.a(_dvmd_tls.o)
 .data          0x00000000        0x0 c:/sysgcc/arm-eabi/bin/../lib/gcc/arm-eabi/7.2.0/../../../../arm-eabi/lib/thumb/cortex_m3\libc.a(lib_a-memset.o)
 .bss           0x00000000        0x0 c:/sysgcc/arm-eabi/bin/../lib/gcc/arm-eabi/7.2.0/../../../../arm-eabi/lib/thumb/cortex_m3\libc.a(lib_a-memset.o)

Memory Configuration

Name             Origin             Length             Attributes
rom              0x00000000         0x00080000         xr
ram              0x20000000         0x00018000         xrw
nul              0x20018000         0x00000000         xrw
*default*        0x00000000         0xffffffff

Linker script and memory map

LOAD c:/sysgcc/arm-eabi/bin/../lib/gcc/arm-eabi/7.2.0/thumb/cortex_m3\libgcc.a
LOAD switch_to.o
LOAD coroutine.o
LOAD rtos.o
LOAD hwlib.o
LOAD main.o
LOAD bmptk_cortex.o
LOAD bmptk_heap_bmptk.o
LOAD bmptk_fixed_size_stack.o
LOAD c:/sysgcc/arm-eabi/bin/../lib/gcc/arm-eabi/7.2.0/../../../../arm-eabi/lib/thumb/cortex_m3\libm.a
LOAD c:/sysgcc/arm-eabi/bin/../lib/gcc/arm-eabi/7.2.0/thumb/cortex_m3\libgcc.a
LOAD c:/sysgcc/arm-eabi/bin/../lib/gcc/arm-eabi/7.2.0/../../../../arm-eabi/lib/thumb/cortex_m3\libc.a
                0x00000000                __rom_start = ORIGIN (rom)
                0x00080000                __rom_size = LENGTH (rom)
                0x00080000                __rom_end = (__rom_start + __rom_size)
                0x20000000                __ram_start = ORIGIN (ram)
                0x00018000                __ram_size = LENGTH (ram)
                0x20018000                __ram_end = (__ram_start + __ram_size)
                [!provide]                PROVIDE (__rom_start, __rom_start)
                [!provide]                PROVIDE (__rom_size, __rom_size)
                [!provide]                PROVIDE (__rom_end, __rom_end)
                [!provide]                PROVIDE (__ram_start, __ram_start)
                [!provide]                PROVIDE (__ram_size, __ram_size)
                [!provide]                PROVIDE (__ram_end, __ram_end)

.text           0x00000000     0x3ec8
                0x00000000                . = ALIGN (0x4)
                0x00000000                __text_start = .
                [!provide]                PROVIDE (__text_start, __text_start)
                0x00000000                . = ALIGN (0x4)
 *(.vectors)
 .vectors       0x00000000       0x20 bmptk_cortex.o
                0x00000000                __vectors
                0x00000020                . = ALIGN (0x4)
 *(.text .text.* .gnu.linkonce.t.*)
 .text          0x00000020       0x24 switch_to.o
                0x00000020                switch_from_to
 .text._ZN6sam3xa10SystemInitEv
                0x00000044       0x7c coroutine.o
                0x00000044                _ZN6sam3xa10SystemInitEv
 .text._ZN3due8pin_infoENS_4pinsE
                0x000000c0       0x20 coroutine.o
                0x000000c0                _ZN3due8pin_infoENS_4pinsE
 .text._ZN3due14port_registersEm
                0x000000e0       0x48 coroutine.o
                0x000000e0                _ZN3due14port_registersEm
 .text._ZN3due12ticks_per_usEv
                0x00000128        0x6 coroutine.o
                0x00000128                _ZN3due12ticks_per_usEv
 *fill*         0x0000012e        0x2 
 .text._ZN3due9now_ticksEv
                0x00000130       0x74 coroutine.o
                0x00000130                _ZN3due9now_ticksEv
 .text._ZN5hwlib9uart_putcEc
                0x000001a4        0x4 coroutine.o
                0x000001a4                _ZN5hwlib9uart_putcEc
 .text._ZN4rtos8callback6cancelEv
                0x000001a8        0xa rtos.o
                0x000001a8                _ZN4rtos8callback6cancelEv
 .text._ZN5hwlib7ostream7reverse10add_prefixERKS0_.part.1
                0x000001b2       0x4c rtos.o
 .text._ZN5hwlib7ostreamlsEc
                0x000001fe        0xe rtos.o
                0x000001fe                _ZN5hwlib7ostreamlsEc
 .text._ZN5hwliblsERNS_7ostreamEPKc
                0x0000020c       0x66 rtos.o
                0x0000020c                _ZN5hwliblsERNS_7ostreamEPKc
 .text._ZN5hwliblsERNS_7ostreamEi
                0x00000272       0x92 rtos.o
                0x00000272                _ZN5hwliblsERNS_7ostreamEi
 .text._ZN5hwliblsERNS_7ostreamEx
                0x00000304       0xc4 rtos.o
                0x00000304                _ZN5hwliblsERNS_7ostreamEx
 .text._ZN5hwliblsERNS_7ostreamEj
                0x000003c8        0xc rtos.o
                0x000003c8                _ZN5hwliblsERNS_7ostreamEj
 .text._Z6strlenPKc
                0x000003d4       0x10 rtos.o
                0x000003d4                _Z6strlenPKc
 .text._Z6strcpyPcPKc
                0x000003e4       0x14 rtos.o
                0x000003e4                _Z6strcpyPcPKc
 .text._Z15string_allocatePKc
                0x000003f8       0x26 rtos.o
                0x000003f8                _Z15string_allocatePKc
 .text._Z12nr_from_maskj
                0x0000041e       0x1a rtos.o
                0x0000041e                _Z12nr_from_maskj
 .text._Z15task_trampolinev
                0x00000438       0x34 rtos.o
                0x00000438                _Z15task_trampolinev
 .text._ZN4rtos9task_base7releaseEv
                0x0000046c       0x24 rtos.o
                0x0000046c                _ZN4rtos9task_base7releaseEv
 .text._ZN4rtos9task_base7suspendEv
                0x00000490        0x8 rtos.o
                0x00000490                _ZN4rtos9task_base7suspendEv
 .text._ZN4rtos9task_base6resumeEv
                0x00000498        0x8 rtos.o
                0x00000498                _ZN4rtos9task_base6resumeEv
 .text._ZN4rtos9task_base7unblockEv
                0x000004a0       0x14 rtos.o
                0x000004a0                _ZN4rtos9task_base7unblockEv
 .text._ZN4rtos9task_base5blockEv
                0x000004b4       0x70 rtos.o
                0x000004b4                _ZN4rtos9task_base5blockEv
 .text._ZNK4rtos9task_base5printERN5hwlib7ostreamEb
                0x00000524      0x154 rtos.o
                0x00000524                _ZNK4rtos9task_base5printERN5hwlib7ostreamEb
 .text._ZNK4rtos5eventeqERKS0_
                0x00000678       0x3c rtos.o
                0x00000678                _ZNK4rtos5eventeqERKS0_
 .text._ZNK4rtos5eventeqERKNS_8waitableE
                0x000006b4       0x1c rtos.o
                0x000006b4                _ZNK4rtos5eventeqERKNS_8waitableE
 .text._ZNK4rtos5eventplERKS0_
                0x000006d0       0x3c rtos.o
                0x000006d0                _ZNK4rtos5eventplERKS0_
 .text._ZNK4rtos4flag5printERN5hwlib7ostreamEb
                0x0000070c       0xcc rtos.o
                0x0000070c                _ZNK4rtos4flag5printERN5hwlib7ostreamEb
 .text._ZNK4rtos5timer5printERN5hwlib7ostreamEb
                0x000007d8       0xd0 rtos.o
                0x000007d8                _ZNK4rtos5timer5printERN5hwlib7ostreamEb
 .text._ZNK4rtos5clock5printERN5hwlib7ostreamEb
                0x000008a8       0xd4 rtos.o
                0x000008a8                _ZNK4rtos5clock5printERN5hwlib7ostreamEb
 .text._ZN4rtos12waitable_set17waitable_allocateEv
                0x0000097c       0x38 rtos.o
                0x0000097c                _ZN4rtos12waitable_set17waitable_allocateEv
 .text._ZN4rtos8waitableC2EPNS_9task_baseEPKc
                0x000009b4       0x2c rtos.o
                0x000009b4                _ZN4rtos8waitableC1EPNS_9task_baseEPKc
                0x000009b4                _ZN4rtos8waitableC2EPNS_9task_baseEPKc
 .text._ZN4rtos12waitable_set3setERKNS_8waitableE
                0x000009e0       0x14 rtos.o
                0x000009e0                _ZN4rtos12waitable_set3setERKNS_8waitableE
 .text._ZN4rtos5clock7time_upEv
                0x000009f4       0x38 rtos.o
                0x000009f4                _ZN4rtos5clock7time_upEv
 .text._ZThn16_N4rtos5clock7time_upEv
                0x00000a2c        0x8 rtos.o
                0x00000a2c                _ZThn16_N4rtos5clock7time_upEv
 .text._ZN4rtos5timer7time_upEv
                0x00000a34       0x10 rtos.o
                0x00000a34                _ZN4rtos5timer7time_upEv
                0x00000a3e                _ZThn16_N4rtos5timer7time_upEv
 .text._ZN4rtos4flag3setEv
                0x00000a44       0x10 rtos.o
                0x00000a44                _ZN4rtos4flag3setEv
 .text._ZN4rtos12waitable_set5clearERKNS_8waitableE
                0x00000a54        0xc rtos.o
                0x00000a54                _ZN4rtos12waitable_set5clearERKNS_8waitableE
 .text._ZN4rtos8waitable5clearEv
                0x00000a60        0xa rtos.o
                0x00000a60                _ZN4rtos8waitable5clearEv
 .text._ZN4rtos5timer6cancelEv
                0x00000a6a       0x16 rtos.o
                0x00000a6a                _ZN4rtos5timer6cancelEv
 .text._ZThn16_N4rtos5timer6cancelEv
                0x00000a80        0x8 rtos.o
                0x00000a80                _ZThn16_N4rtos5timer6cancelEv
 .text._ZN4rtos5clock5clearEv
                0x00000a88        0x8 rtos.o
                0x00000a88                _ZN4rtos5clock5clearEv
 .text._ZN4rtos12waitable_set4waitEj
                0x00000a90       0x64 rtos.o
                0x00000a90                _ZN4rtos12waitable_set4waitEj
 .text._ZNK4rtos5mutex5printERN5hwlib7ostreamEb
                0x00000af4       0xec rtos.o
                0x00000af4                _ZNK4rtos5mutex5printERN5hwlib7ostreamEb
 .text._ZNK4rtos12channel_base5printERN5hwlib7ostreamEb
                0x00000be0       0xe0 rtos.o
                0x00000be0                _ZNK4rtos12channel_base5printERN5hwlib7ostreamEb
 .text._ZNK4rtos9pool_base5printERN5hwlib7ostreamEb
                0x00000cc0       0x78 rtos.o
                0x00000cc0                _ZNK4rtos9pool_base5printERN5hwlib7ostreamEb
 .text._ZNK4rtos12mailbox_base5printERN5hwlib7ostreamEb
                0x00000d38       0xc4 rtos.o
                0x00000d38                _ZNK4rtos12mailbox_base5printERN5hwlib7ostreamEb
 .text._ZN4rtos3addEPNS_4flagE
                0x00000dfc       0x10 rtos.o
                0x00000dfc                _ZN4rtos3addEPNS_4flagE
 .text._ZN4rtos4flagC2EPNS_9task_baseEPKc
                0x00000e0c       0x20 rtos.o
                0x00000e0c                _ZN4rtos4flagC2EPNS_9task_baseEPKc
                0x00000e0c                _ZN4rtos4flagC1EPNS_9task_baseEPKc
 .text._ZN4rtos3addEPNS_5timerE
                0x00000e2c       0x10 rtos.o
                0x00000e2c                _ZN4rtos3addEPNS_5timerE
 .text._ZN4rtos3addEPNS_5clockE
                0x00000e3c       0x10 rtos.o
                0x00000e3c                _ZN4rtos3addEPNS_5clockE
 .text._ZN4rtos3addEPNS_12channel_baseE
                0x00000e4c       0x10 rtos.o
                0x00000e4c                _ZN4rtos3addEPNS_12channel_baseE
 .text._ZN4rtos12channel_baseC2EPNS_9task_baseEPKc
                0x00000e5c       0x30 rtos.o
                0x00000e5c                _ZN4rtos12channel_baseC2EPNS_9task_baseEPKc
                0x00000e5c                _ZN4rtos12channel_baseC1EPNS_9task_baseEPKc
 .text._ZN4rtos3addEPNS_9pool_baseE
                0x00000e8c       0x10 rtos.o
                0x00000e8c                _ZN4rtos3addEPNS_9pool_baseE
 .text._ZN4rtos9pool_baseC2EPKc
                0x00000e9c       0x1a rtos.o
                0x00000e9c                _ZN4rtos9pool_baseC1EPKc
                0x00000e9c                _ZN4rtos9pool_baseC2EPKc
 *fill*         0x00000eb6        0x2 
 .text._ZN4rtos5printERN5hwlib7ostreamE
                0x00000eb8      0x1b4 rtos.o
                0x00000eb8                _ZN4rtos5printERN5hwlib7ostreamE
 .text._ZN4rtos4beatEv
                0x0000106c      0x148 rtos.o
                0x0000106c                _ZN4rtos4beatEv
 .text._ZN4rtos3runEv
                0x000011b4       0x20 rtos.o
                0x000011b4                _ZN4rtos3runEv
 .text._ZN4rtos3addEPNS_8callbackE
                0x000011d4       0x10 rtos.o
                0x000011d4                _ZN4rtos3addEPNS_8callbackE
 .text._ZN4rtos8callbackC2EPKc
                0x000011e4       0x28 rtos.o
                0x000011e4                _ZN4rtos8callbackC1EPKc
                0x000011e4                _ZN4rtos8callbackC2EPKc
 .text._ZN4rtos5timerC2EPNS_9task_baseEPKc
                0x0000120c       0x34 rtos.o
                0x0000120c                _ZN4rtos5timerC1EPNS_9task_baseEPKc
                0x0000120c                _ZN4rtos5timerC2EPNS_9task_baseEPKc
 .text._ZN4rtos5clockC2EPNS_9task_baseEmPKc
                0x00001240       0x3c rtos.o
                0x00001240                _ZN4rtos5clockC1EPNS_9task_baseEmPKc
                0x00001240                _ZN4rtos5clockC2EPNS_9task_baseEmPKc
 .text._ZN4rtos3addEPNS_9task_baseE
                0x0000127c       0x74 rtos.o
                0x0000127c                _ZN4rtos3addEPNS_9task_baseE
 .text._ZN4rtos9task_baseC2ER9coroutineILl0EEjPKc
                0x000012f0       0x4c rtos.o
                0x000012f0                _ZN4rtos9task_baseC1ER9coroutineILl0EEjPKc
                0x000012f0                _ZN4rtos9task_baseC2ER9coroutineILl0EEjPKc
 .text._ZN5hwlib7wait_usEi
                0x0000133c       0x3c rtos.o
                0x0000133c                _ZN5hwlib7wait_usEi
 .text._ZN5hwlib7wait_msEi
                0x00001378       0x16 rtos.o
                0x00001378                _ZN5hwlib7wait_msEi
 .text._ZN5hwlib6pin_in7refreshEv
                0x0000138e        0x2 hwlib.o
                0x0000138e                _ZN5hwlib6pin_in7refreshEv
 .text._ZN5hwlib7pin_out5flushEv
                0x00001390        0x2 hwlib.o
                0x00001390                _ZN5hwlib7pin_out5flushEv
 .text._ZN5hwlib6pin_oc7refreshEv
                0x00001392        0x2 hwlib.o
                0x00001392                _ZN5hwlib6pin_oc7refreshEv
 .text._ZN5hwlib6pin_oc5flushEv
                0x00001394        0x2 hwlib.o
                0x00001394                _ZN5hwlib6pin_oc5flushEv
 .text._ZN5hwlib7ostream5flushEv
                0x00001396        0x2 hwlib.o
                0x00001396                _ZN5hwlib7ostream5flushEv
 .text._ZN5hwlib7istream11getc_nowaitEv
                0x00001398       0x1a hwlib.o
                0x00001398                _ZN5hwlib7istream11getc_nowaitEv
 .text._ZN5hwlib19_pin_in_dummy_class3getENS_9bufferingE
                0x000013b2        0x4 hwlib.o
                0x000013b2                _ZN5hwlib19_pin_in_dummy_class3getENS_9bufferingE
 .text._ZN5hwlib19_pin_oc_dummy_class3setEbNS_9bufferingE
                0x000013b6        0x2 hwlib.o
                0x000013b6                _ZN5hwlib19_pin_oc_dummy_class3setEbNS_9bufferingE
 .text._ZN5hwlib19_pin_oc_dummy_class3getENS_9bufferingE
                0x000013b8        0x4 hwlib.o
                0x000013b8                _ZN5hwlib19_pin_oc_dummy_class3getENS_9bufferingE
 .text._ZNK5hwlib9image_8x818get_implementationENS_8locationE
                0x000013bc       0x44 hwlib.o
                0x000013bc                _ZNK5hwlib9image_8x818get_implementationENS_8locationE
 .text._ZN5hwlib5panicEPKcj
                0x00001400        0x2 hwlib.o
                0x00001400                _ZN5hwlib5panicEPKcj
 .text._ZN5hwlib6window5writeENS_8locationENS_5colorENS_9bufferingE
                0x00001402       0x34 hwlib.o
                0x00001402                _ZN5hwlib6window5writeENS_8locationENS_5colorENS_9bufferingE
 *fill*         0x00001436        0x2 
 .text._ZN3due9uart_initEv
                0x00001438       0x60 hwlib.o
                0x00001438                _ZN3due9uart_initEv
 .text._ZN3due9uart_putcEc
                0x00001498       0x1c hwlib.o
                0x00001498                _ZN3due9uart_putcEc
 .text._ZN5hwlib20cout_using_uart_putc4putcEc
                0x000014b4        0xa hwlib.o
                0x000014b4                _ZN5hwlib20cout_using_uart_putc4putcEc
 .text._ZN5hwlib6now_usEv
                0x000014be       0x1c hwlib.o
                0x000014be                _ZN5hwlib6now_usEv
 .text._ZN5hwlib12wait_us_busyEi
                0x000014da       0x1c hwlib.o
                0x000014da                _ZN5hwlib12wait_us_busyEi
 .text._ZN5hwlib7port_in7refreshEv
                0x000014f6        0x2 main.o
                0x000014f6                _ZN5hwlib7port_in7refreshEv
 .text._ZN5hwlib7port_oc7refreshEv
                0x000014f8        0x2 main.o
                0x000014f8                _ZN5hwlib7port_oc7refreshEv
 .text._ZN5hwlib7port_oc5flushEv
                0x000014fa        0x2 main.o
                0x000014fa                _ZN5hwlib7port_oc5flushEv
 .text._ZN5hwlib17port_in_from_pins14number_of_pinsEv
                0x000014fc        0x4 main.o
                0x000014fc                _ZN5hwlib17port_in_from_pins14number_of_pinsEv
 .text._ZN5hwlib17port_in_from_pins3getENS_9bufferingE
                0x00001500       0x2e main.o
                0x00001500                _ZN5hwlib17port_in_from_pins3getENS_9bufferingE
 .text._ZN5hwlib17port_oc_from_pins14number_of_pinsEv
                0x0000152e        0x4 main.o
                0x0000152e                _ZN5hwlib17port_oc_from_pins14number_of_pinsEv
 .text._ZN5hwlib17port_oc_from_pins3getENS_9bufferingE
                0x00001532       0x2c main.o
                0x00001532                _ZN5hwlib17port_oc_from_pins3getENS_9bufferingE
 .text._ZN5hwlib17port_oc_from_pins3setEjNS_9bufferingE
                0x0000155e       0x2c main.o
                0x0000155e                _ZN5hwlib17port_oc_from_pins3setEjNS_9bufferingE
 .text._ZN5hwlib7console7goto_xyEjj
                0x0000158a        0xa main.o
                0x0000158a                _ZN5hwlib7console7goto_xyEjj
 .text._ZN5hwlib14window_ostream22goto_xy_implementationEjj
                0x00001594       0x20 main.o
                0x00001594                _ZN5hwlib14window_ostream22goto_xy_implementationEjj
 .text._ZN5hwlib14window_ostream5clearEv
                0x000015b4       0x1e main.o
                0x000015b4                _ZN5hwlib14window_ostream5clearEv
 .text._ZN5hwlib14window_ostream5flushEv
                0x000015d2        0x8 main.o
                0x000015d2                _ZN5hwlib14window_ostream5flushEv
 .text._ZN5hwlib11window_part5flushEv
                0x000015da        0x8 main.o
                0x000015da                _ZN5hwlib11window_part5flushEv
 *fill*         0x000015e2        0x2 
 .text._ZNK5hwlib16font_default_8x8ixEc
                0x000015e4       0x14 main.o
                0x000015e4                _ZNK5hwlib16font_default_8x8ixEc
 .text._ZN3due6pin_in3getEN5hwlib9bufferingE
                0x000015f8       0x10 main.o
                0x000015f8                _ZN3due6pin_in3getEN5hwlib9bufferingE
 .text._ZN3due7pin_out3setEbN5hwlib9bufferingE
                0x00001608        0xe main.o
                0x00001608                _ZN3due7pin_out3setEbN5hwlib9bufferingE
 .text._ZN3due6pin_oc3getEN5hwlib9bufferingE
                0x00001616       0x10 main.o
                0x00001616                _ZN3due6pin_oc3getEN5hwlib9bufferingE
 .text._ZN3due6pin_oc3setEbN5hwlib9bufferingE
                0x00001626       0x10 main.o
                0x00001626                _ZN3due6pin_oc3setEbN5hwlib9bufferingE
 *fill*         0x00001636        0x2 
 .text._ZN3due8d2_36kHz3setEbN5hwlib9bufferingE
                0x00001638       0x18 main.o
                0x00001638                _ZN3due8d2_36kHz3setEbN5hwlib9bufferingE
 .text._ZN5hwlib6keypadILi16EE4getcEv
                0x00001650       0x24 main.o
                0x00001650                _ZN5hwlib6keypadILi16EE4getcEv
 .text._ZN4rtos7channelItLi1024EE5clearEv
                0x00001674       0x10 main.o
                0x00001674                _ZN4rtos7channelItLi1024EE5clearEv
 .text._ZN5hwlib7console4putcEc
                0x00001684       0xb0 main.o
                0x00001684                _ZN5hwlib7console4putcEc
 .text._ZN5hwliblsERNS_7ostreamENS_6_flushE.isra.3
                0x00001734        0xe main.o
 .text._ZN5hwlib26i2c_bus_bit_banged_scl_sda16wait_half_periodEv.isra.10
                0x00001742        0x6 main.o
 .text._ZN5hwlib6keypadILi16EE14char_availableEv
                0x00001748       0xa0 main.o
                0x00001748                _ZN5hwlib6keypadILi16EE14char_availableEv
 .text.startup._ZN10GameLeader4mainEv
                0x000017e8       0x7e main.o
                0x000017e8                _ZN10GameLeader4mainEv
 .text.startup._ZN11SendControl4mainEv
                0x00001866       0xd8 main.o
                0x00001866                _ZN11SendControl4mainEv
 .text._ZN5hwlib6window5clearENS_9bufferingE
                0x0000193e       0x56 main.o
                0x0000193e                _ZN5hwlib6window5clearENS_9bufferingE
 .text.startup._ZN14DisplayControl4mainEv
                0x00001994      0x168 main.o
                0x00001994                _ZN14DisplayControl4mainEv
 .text.startup._ZN13KeypadControl4mainEv
                0x00001afc      0x128 main.o
                0x00001afc                _ZN13KeypadControl4mainEv
 .text._ZN5hwlib11window_part20write_implementationENS_8locationENS_5colorENS_9bufferingE
                0x00001c24       0x32 main.o
                0x00001c24                _ZN5hwlib11window_part20write_implementationENS_8locationENS_5colorENS_9bufferingE
 .text._ZN5hwlib14window_ostream19putc_implementationEc
                0x00001c56       0x84 main.o
                0x00001c56                _ZN5hwlib14window_ostream19putc_implementationEc
 *fill*         0x00001cda        0x2 
 .text._ZN5hwlib14window_ostreamC2ERNS_6windowERKNS_4fontE
                0x00001cdc       0x5c main.o
                0x00001cdc                _ZN5hwlib14window_ostreamC1ERNS_6windowERKNS_4fontE
                0x00001cdc                _ZN5hwlib14window_ostreamC2ERNS_6windowERKNS_4fontE
 .text._ZN5hwlib26i2c_bus_bit_banged_scl_sda9write_bitEb
                0x00001d38       0x36 main.o
                0x00001d38                _ZN5hwlib26i2c_bus_bit_banged_scl_sda9write_bitEb
 .text._ZN5hwlib26i2c_bus_bit_banged_scl_sda8read_bitEv
                0x00001d6e       0x44 main.o
                0x00001d6e                _ZN5hwlib26i2c_bus_bit_banged_scl_sda8read_bitEv
 .text._ZN5hwlib26i2c_bus_bit_banged_scl_sda11write_startEv
                0x00001db2       0x28 main.o
                0x00001db2                _ZN5hwlib26i2c_bus_bit_banged_scl_sda11write_startEv
 .text._ZN5hwlib26i2c_bus_bit_banged_scl_sda10write_stopEv
                0x00001dda       0x48 main.o
                0x00001dda                _ZN5hwlib26i2c_bus_bit_banged_scl_sda10write_stopEv
 .text._ZN5hwlib26i2c_bus_bit_banged_scl_sda10write_byteEj
                0x00001e22       0x1c main.o
                0x00001e22                _ZN5hwlib26i2c_bus_bit_banged_scl_sda10write_byteEj
 .text._ZN5hwlib26i2c_bus_bit_banged_scl_sda5writeEjPKhj
                0x00001e3e       0x3a main.o
                0x00001e3e                _ZN5hwlib26i2c_bus_bit_banged_scl_sda5writeEjPKhj
 .text._ZN5hwlib26i2c_bus_bit_banged_scl_sda4readEjPhj
                0x00001e78       0x60 main.o
                0x00001e78                _ZN5hwlib26i2c_bus_bit_banged_scl_sda4readEjPhj
 .text._ZN5hwlib9glcd_oled7commandEjjj
                0x00001ed8       0x30 main.o
                0x00001ed8                _ZN5hwlib9glcd_oled7commandEjjj
 .text._ZN5hwlib9glcd_oled5flushEv
                0x00001f08       0x32 main.o
                0x00001f08                _ZN5hwlib9glcd_oled5flushEv
 .text._ZN5hwlib9glcd_oled20write_implementationENS_8locationENS_5colorENS_9bufferingE
                0x00001f3a       0xce main.o
                0x00001f3a                _ZN5hwlib9glcd_oled20write_implementationENS_8locationENS_5colorENS_9bufferingE
 .text._ZN3due6pin_inC2ENS_4pinsE
                0x00002008       0x34 main.o
                0x00002008                _ZN3due6pin_inC2ENS_4pinsE
                0x00002008                _ZN3due6pin_inC1ENS_4pinsE
 .text._ZN3due6pin_ocC2ENS_4pinsE
                0x0000203c       0x34 main.o
                0x0000203c                _ZN3due6pin_ocC2ENS_4pinsE
                0x0000203c                _ZN3due6pin_ocC1ENS_4pinsE
 .text._ZN9IRControl5pulseEb
                0x00002070       0x72 main.o
                0x00002070                _ZN9IRControl5pulseEb
 *fill*         0x000020e2        0x2 
 .text.startup._ZN9IRControl4mainEv
                0x000020e4       0xfc main.o
                0x000020e4                _ZN9IRControl4mainEv
 .text._ZN6KeypadC2Ev
                0x000021e0      0x148 main.o
                0x000021e0                _ZN6KeypadC2Ev
                0x000021e0                _ZN6KeypadC1Ev
 .text._ZN4rtos4taskILi4096EEC2EjPKc
                0x00002328       0x54 main.o
                0x00002328                _ZN4rtos4taskILi4096EEC1EjPKc
                0x00002328                _ZN4rtos4taskILi4096EEC2EjPKc
 .text._ZN14DisplayControlC2EPKciRN5hwlib9glcd_oledE
                0x0000237c      0x1f0 main.o
                0x0000237c                _ZN14DisplayControlC1EPKciRN5hwlib9glcd_oledE
                0x0000237c                _ZN14DisplayControlC2EPKciRN5hwlib9glcd_oledE
 .text.startup.main
                0x0000256c      0x344 main.o
                0x0000256c                main
 .text.__startup
                0x000028b0       0x48 bmptk_cortex.o
                0x000028b0                __startup
 .text.__cxa_pure_virtual
                0x000028f8        0x2 bmptk_cortex.o
                0x000028f8                __cxa_pure_virtual
 *fill*         0x000028fa        0x2 
 .text.malloc   0x000028fc       0x24 bmptk_heap_bmptk.o
                0x000028fc                malloc
 .text          0x00002920       0xa0 c:/sysgcc/arm-eabi/bin/../lib/gcc/arm-eabi/7.2.0/thumb/cortex_m3\libgcc.a(_aeabi_ldivmod.o)
                0x00002920                __aeabi_ldivmod
 .text          0x000029c0       0x30 c:/sysgcc/arm-eabi/bin/../lib/gcc/arm-eabi/7.2.0/thumb/cortex_m3\libgcc.a(_aeabi_uldivmod.o)
                0x000029c0                __aeabi_uldivmod
 .text          0x000029f0      0x2d0 c:/sysgcc/arm-eabi/bin/../lib/gcc/arm-eabi/7.2.0/thumb/cortex_m3\libgcc.a(_udivmoddi4.o)
                0x000029f0                __udivmoddi4
 .text          0x00002cc0        0x4 c:/sysgcc/arm-eabi/bin/../lib/gcc/arm-eabi/7.2.0/thumb/cortex_m3\libgcc.a(_dvmd_tls.o)
                0x00002cc0                __aeabi_ldiv0
 .text          0x00002cc4       0x94 c:/sysgcc/arm-eabi/bin/../lib/gcc/arm-eabi/7.2.0/../../../../arm-eabi/lib/thumb/cortex_m3\libc.a(lib_a-memset.o)
                0x00002cc4                memset
                0x00002d58                . = ALIGN (0x4)
 *(.glue_7t .glue_7)
 .glue_7        0x00002d58        0x0 linker stubs
 .glue_7t       0x00002d58        0x0 linker stubs
                0x00002d58                . = ALIGN (0x4)
 *(.rodata .rodata.* .gnu.linkonce.r.*)
 .rodata._ZN3due8pin_infoENS_4pinsE.str1.1
                0x00002d58       0x2b coroutine.o
 .rodata._ZZN3due8pin_infoENS_4pinsEE14pin_info_array
                0x00002d83       0xa4 coroutine.o
 *fill*         0x00002e27        0x1 
 .rodata._ZTVN4rtos8waitableE
                0x00002e28        0xc rtos.o
                0x00002e28                _ZTVN4rtos8waitableE
 .rodata._ZTVN4rtos4flagE
                0x00002e34        0xc rtos.o
                0x00002e34                _ZTVN4rtos4flagE
 .rodata._ZTVN4rtos8callbackE
                0x00002e40       0x10 rtos.o
                0x00002e40                _ZTVN4rtos8callbackE
 .rodata._ZTVN4rtos12channel_baseE
                0x00002e50        0xc rtos.o
                0x00002e50                _ZTVN4rtos12channel_baseE
 .rodata._Z15task_trampolinev.str1.1
                0x00002e5c       0x2e rtos.o
 .rodata._ZN4rtos12waitable_set17waitable_allocateEv.str1.1
                0x00002e8a       0x1b rtos.o
 .rodata._ZN4rtos3addEPNS_9task_baseE.str1.1
                0x00002ea5       0x2e rtos.o
 .rodata._ZN4rtos4beatEv.str1.1
                0x00002ed3       0x3e rtos.o
 .rodata._ZN4rtos5printERN5hwlib7ostreamE.str1.1
                0x00002f11       0x83 rtos.o
 .rodata._ZN4rtos9task_base5blockEv.str1.1
                0x00002f94       0x49 rtos.o
                                 0x4b (size before relaxing)
 .rodata._ZN4rtos9task_baseC2ER9coroutineILl0EEjPKc.str1.1
                0x00002fdd        0x8 rtos.o
 .rodata._ZNK4rtos12channel_base5printERN5hwlib7ostreamEb.str1.1
                0x00002fe5       0x23 rtos.o
 .rodata._ZNK4rtos12mailbox_base5printERN5hwlib7ostreamEb.str1.1
                0x00003008       0x1b rtos.o
 .rodata._ZNK4rtos4flag5printERN5hwlib7ostreamEb.str1.1
                0x00003023       0x1e rtos.o
 .rodata._ZNK4rtos5clock5printERN5hwlib7ostreamEb.str1.1
                0x00003041       0x1d rtos.o
 .rodata._ZNK4rtos5eventeqERKS0_.str1.1
                0x0000305e       0x21 rtos.o
 .rodata._ZNK4rtos5eventplERKS0_.str1.1
                0x0000307f       0x1e rtos.o
 .rodata._ZNK4rtos5mutex5printERN5hwlib7ostreamEb.str1.1
                0x0000309d       0x29 rtos.o
 .rodata._ZNK4rtos5timer5printERN5hwlib7ostreamEb.str1.1
                0x000030c6       0x13 rtos.o
 .rodata._ZNK4rtos9pool_base5printERN5hwlib7ostreamEb.str1.1
                0x000030d9       0x10 rtos.o
 .rodata._ZNK4rtos9task_base5printERN5hwlib7ostreamEb.str1.1
                0x000030e9       0x39 rtos.o
 *fill*         0x00003122        0x2 
 .rodata._ZTVN4rtos5clockE
                0x00003124       0x20 rtos.o
                0x00003124                _ZTVN4rtos5clockE
 .rodata._ZTVN4rtos5timerE
                0x00003144       0x24 rtos.o
                0x00003144                _ZTVN4rtos5timerE
 .rodata._ZTVN4rtos9task_baseE
                0x00003168       0x14 rtos.o
                0x00003168                _ZTVN4rtos9task_baseE
 .rodata._ZTVN5hwlib20cout_using_uart_putcE
                0x0000317c       0x10 hwlib.o
                0x0000317c                _ZTVN5hwlib20cout_using_uart_putcE
 .rodata._ZTVN5hwlib19_pin_in_dummy_classE
                0x0000318c       0x10 hwlib.o
                0x0000318c                _ZTVN5hwlib19_pin_in_dummy_classE
 .rodata._ZTVN5hwlib19_pin_oc_dummy_classE
                0x0000319c       0x18 hwlib.o
                0x0000319c                _ZTVN5hwlib19_pin_oc_dummy_classE
 .rodata._ZTVN5hwlib9image_8x8E
                0x000031b4        0xc hwlib.o
                0x000031b4                _ZTVN5hwlib9image_8x8E
 .rodata._ZN5hwlib16font_default_8x86imagesE
                0x000031c0      0xa00 hwlib.o
                0x000031c0                _ZN5hwlib16font_default_8x86imagesE
 .rodata._ZN5hwlibL5blackE
                0x00003bc0        0x4 hwlib.o
 .rodata._ZN5hwlibL5whiteE
                0x00003bc4        0x4 hwlib.o
 .rodata._ZTVN5hwlib17port_in_from_pinsE
                0x00003bc8       0x14 main.o
                0x00003bc8                _ZTVN5hwlib17port_in_from_pinsE
 .rodata._ZTVN5hwlib17port_oc_from_pinsE
                0x00003bdc       0x1c main.o
                0x00003bdc                _ZTVN5hwlib17port_oc_from_pinsE
 .rodata._ZTVN5hwlib14window_ostreamE
                0x00003bf8       0x20 main.o
                0x00003bf8                _ZTVN5hwlib14window_ostreamE
 .rodata._ZTVN5hwlib11window_partE
                0x00003c18       0x14 main.o
                0x00003c18                _ZTVN5hwlib11window_partE
 .rodata._ZTVN5hwlib16font_default_8x8E
                0x00003c2c        0xc main.o
                0x00003c2c                _ZTVN5hwlib16font_default_8x8E
 .rodata._ZTVN5hwlib26i2c_bus_bit_banged_scl_sdaE
                0x00003c38       0x10 main.o
                0x00003c38                _ZTVN5hwlib26i2c_bus_bit_banged_scl_sdaE
 .rodata._ZTVN5hwlib9glcd_oledE
                0x00003c48       0x14 main.o
                0x00003c48                _ZTVN5hwlib9glcd_oledE
 .rodata._ZTVN3due6pin_inE
                0x00003c5c       0x10 main.o
                0x00003c5c                _ZTVN3due6pin_inE
 .rodata._ZTVN3due7pin_outE
                0x00003c6c       0x10 main.o
                0x00003c6c                _ZTVN3due7pin_outE
 .rodata._ZTVN3due6pin_ocE
                0x00003c7c       0x18 main.o
                0x00003c7c                _ZTVN3due6pin_ocE
 .rodata._ZTVN3due8d2_36kHzE
                0x00003c94       0x10 main.o
                0x00003c94                _ZTVN3due8d2_36kHzE
 .rodata._ZTVN4rtos4taskILi4096EEE
                0x00003ca4       0x14 main.o
                0x00003ca4                _ZTVN4rtos4taskILi4096EEE
 .rodata._ZTVN4rtos7channelItLi1024EEE
                0x00003cb8        0xc main.o
                0x00003cb8                _ZTVN4rtos7channelItLi1024EEE
 .rodata._ZTV9IRControl
                0x00003cc4       0x14 main.o
                0x00003cc4                _ZTV9IRControl
 .rodata._ZTV11SendControl
                0x00003cd8       0x14 main.o
                0x00003cd8                _ZTV11SendControl
 .rodata._ZTV10GameLeader
                0x00003cec       0x14 main.o
                0x00003cec                _ZTV10GameLeader
 .rodata._ZTVN5hwlib6keypadILi16EEE
                0x00003d00       0x14 main.o
                0x00003d00                _ZTVN5hwlib6keypadILi16EEE
 .rodata._ZTV14DisplayControl
                0x00003d14       0x14 main.o
                0x00003d14                _ZTV14DisplayControl
 .rodata._ZTV13KeypadControl
                0x00003d28       0x14 main.o
                0x00003d28                _ZTV13KeypadControl
 .rodata._ZZN5hwlib9glcd_oledC4ERNS_7i2c_busEjE13init_sequence
                0x00003d3c       0x29 main.o
                0x00003d3c                _ZZN5hwlib9glcd_oledC4ERNS_7i2c_busEjE13init_sequence
 .rodata._ZN14DisplayControl4mainEv.str1.1
                0x00003d65        0x6 main.o
 .rodata._ZN14DisplayControlC2EPKciRN5hwlib9glcd_oledE.str1.1
                0x00003d6b       0x4b main.o
 .rodata._ZN4rtos9task_baseD2Ev.str1.1
                0x00003db6       0x17 main.o
                                 0x2b (size before relaxing)
 .rodata._ZN6KeypadC2Ev.str1.1
                0x00003dcd       0x11 main.o
 .rodata._ZN9IRControl4mainEv.str1.1
                0x00003dde       0x20 main.o
 .rodata.main.str1.1
                0x00003dfe       0xca main.o
                0x00003ec8                . = ALIGN (0x4)
 *(.ARM.extab* .gnu.linkonce.armextab.*)
                0x00003ec8                . = ALIGN (0x4)
 *(.gcc_except_table)
                0x00003ec8                . = ALIGN (0x4)
 *(.eh_frame_hdr)
                0x00003ec8                . = ALIGN (0x4)
 *(.eh_frame)
                0x00003ec8                . = ALIGN (0x4)
                0x00003ec8                __text_end = .
                [!provide]                PROVIDE (__text_end, __text_end)

.vfp11_veneer   0x00003ec8        0x0
 .vfp11_veneer  0x00003ec8        0x0 linker stubs

.v4_bx          0x00003ec8        0x0
 .v4_bx         0x00003ec8        0x0 linker stubs

.iplt           0x00003ec8        0x0
 .iplt          0x00003ec8        0x0 coroutine.o

.IF_YOU_SEE_THIS_YOU_HAVE_ONE_OR_MORE_GLOBAL_OBJECT_CONSTRUCTORS
 *(.init)
 *(.preinit_array)
 *(SORT(.init_array.*))
 *(.init_array)
                0x00003ec8                . = ALIGN (0x4)
                0x00003ec8                __exidx_start = .
                [!provide]                PROVIDE (__exidx_start, __exidx_start)

.ARM.exidx      0x00003ec8        0x8
 *(.ARM.exidx* .gnu.linkonce.armexidx.*)
 .ARM.exidx     0x00003ec8        0x8 c:/sysgcc/arm-eabi/bin/../lib/gcc/arm-eabi/7.2.0/thumb/cortex_m3\libgcc.a(_udivmoddi4.o)

.rel.dyn        0x00003ed0        0x0
 .rel.iplt      0x00003ed0        0x0 coroutine.o
                0x00003ed0                . = ALIGN (0x4)
                0x00003ed0                __exidx_end = .
                [!provide]                PROVIDE (__exidx_end, __exidx_end)

.bss            0x20000000    0x14054
                0x20000000                . = ALIGN (0x4)
                0x20000000                __stack_start = .
                [!provide]                PROVIDE (__stack_start, __stack_start)
                0x20000000                . = ALIGN (0x4)
 *(.bmptk_stack)
 .bmptk_stack   0x20000000    0x14000 bmptk_fixed_size_stack.o
                0x20000000                bmptk_stack
                0x20014000                . = ALIGN (0x8)
                0x20014000                __main_stack_end = .
                [!provide]                PROVIDE (__main_stack_end, __main_stack_end)
                0x20014000                . = ALIGN (0x4)
                0x20014000                __stack_end = .
                [!provide]                PROVIDE (__stack_end, __stack_end)
                0x20014000                . = ALIGN (0x4)
                0x20014000                __bss_start = .
                [!provide]                PROVIDE (__bss_start, __bss_start)
                0x20014000                . = ALIGN (0x4)
 *(.bss .bss.* .gnu.linkonce.b.*)
 .bss._ZN17coroutine_context7main_spE
                0x20014000        0x4 coroutine.o
                0x20014000                _ZN17coroutine_context7main_spE
 *fill*         0x20014004        0x4 
 .bss._ZZN3due9now_ticksEvE4high
                0x20014008        0x8 coroutine.o
 .bss._ZZN3due9now_ticksEvE8last_low
                0x20014010        0x4 coroutine.o
 .bss._ZZN3due9now_ticksEvE9init_done
                0x20014014        0x1 coroutine.o
 .bss._ZN4rtos10must_clearE
                0x20014015        0x1 rtos.o
                0x20014015                _ZN4rtos10must_clearE
 *fill*         0x20014016        0x2 
 .bss._ZN4rtos17rtos_current_taskE
                0x20014018        0x4 rtos.o
                0x20014018                _ZN4rtos17rtos_current_taskE
 .bss._ZN4rtos17scheduler_runningE
                0x2001401c        0x1 rtos.o
                0x2001401c                _ZN4rtos17scheduler_runningE
 *fill*         0x2001401d        0x3 
 .bss._ZN4rtos5flagsE
                0x20014020        0x4 rtos.o
                0x20014020                _ZN4rtos5flagsE
 .bss._ZN4rtos5poolsE
                0x20014024        0x4 rtos.o
                0x20014024                _ZN4rtos5poolsE
 .bss._ZN4rtos6clocksE
                0x20014028        0x4 rtos.o
                0x20014028                _ZN4rtos6clocksE
 .bss._ZN4rtos6timersE
                0x2001402c        0x4 rtos.o
                0x2001402c                _ZN4rtos6timersE
 .bss._ZN4rtos7mutexesE
                0x20014030        0x4 rtos.o
                0x20014030                _ZN4rtos7mutexesE
 .bss._ZN4rtos8channelsE
                0x20014034        0x4 rtos.o
                0x20014034                _ZN4rtos8channelsE
 .bss._ZN4rtos8taskListE
                0x20014038        0x4 rtos.o
                0x20014038                _ZN4rtos8taskListE
 .bss._ZN4rtos9mailboxesE
                0x2001403c        0x4 rtos.o
                0x2001403c                _ZN4rtos9mailboxesE
 .bss._ZN4rtos9timerListE
                0x20014040        0x4 rtos.o
                0x20014040                _ZN4rtos9timerListE
 *fill*         0x20014044        0x4 
 .bss.last_run_time
                0x20014048        0x8 rtos.o
                0x20014048                last_run_time
 .bss._ZZN3due9uart_initEvE9init_done
                0x20014050        0x1 hwlib.o
                0x20014054                . = ALIGN (0x4)
 *fill*         0x20014051        0x3 
 *(COMMON)
                0x20014054                . = ALIGN (0x4)
                0x20014054                __bss_end = .
                [!provide]                PROVIDE (__bss_end, __bss_end)

.data           0x20014054       0x30 load address 0x00003ed0
                0x20014054                . = ALIGN (0x4)
                0x00003ed0                __data_init_start = LOADADDR (.data)
                [!provide]                PROVIDE (__data_init_start, __data_init_start)
                0x20014054                __data_start = .
                [!provide]                PROVIDE (__data_start, __data_start)
                0x20014054                . = ALIGN (0x4)
 *(.data .data.* .gnu.linkonce.d.*)
 .data._ZN17coroutine_context24current_coroutine_sp_ptrE
                0x20014054        0x4 coroutine.o
                0x20014054                _ZN17coroutine_context24current_coroutine_sp_ptrE
 .data._ZN6sam3xa15SystemCoreClockE
                0x20014058        0x4 coroutine.o
                0x20014058                _ZN6sam3xa15SystemCoreClockE
 .data._ZN3due7hw_uartE
                0x2001405c        0x4 hwlib.o
                0x2001405c                _ZN3due7hw_uartE
 .data._ZN5hwlib12pin_in_dummyE
                0x20014060        0x4 hwlib.o
                0x20014060                _ZN5hwlib12pin_in_dummyE
 .data._ZN5hwlib12pin_oc_dummyE
                0x20014064        0x4 hwlib.o
                0x20014064                _ZN5hwlib12pin_oc_dummyE
 .data._ZN5hwlib4coutE
                0x20014068       0x14 hwlib.o
                0x20014068                _ZN5hwlib4coutE
 .data._first_free
                0x2001407c        0x4 bmptk_heap_bmptk.o
                0x2001407c                _first_free
 .data._last_free
                0x20014080        0x4 bmptk_heap_bmptk.o
                0x20014080                _last_free
                0x20014084                . = ALIGN (0x4)
                0x20014084                __data_end = .
                [!provide]                PROVIDE (__data_end, __data_end)
                0x00003ed0                __data_init_end = LOADADDR (.data)
                [!provide]                PROVIDE (__data_init_end, __data_init_end)
                0x00000030                PROVIDE (__data_size, (__data_end - __data_start))
                0x00000030                PROVIDE (__data_init_size, __data_size)
                [!provide]                PROVIDE (__data_init_end, (__data_init_start + __data_init_size))

.igot.plt       0x20014084        0x0 load address 0x00003f00
 .igot.plt      0x20014084        0x0 coroutine.o
                0x20014084                . = ALIGN (0x4)
                0x20014084                __heap_start = .
                [!provide]                PROVIDE (__heap_start, __heap_start)
                0x20014084                . = ALIGN (0x4)
                0x20018000                __heap_end = __ram_end
                [!provide]                PROVIDE (__heap_end, __heap_end)

.stab
 *(.stab)

.stabstr
 *(.stabstr)

.debug
 *(.debug)

.line
 *(.line)

.debug_srcinfo
 *(.debug_srcinfo)

.debug_sfnames
 *(.debug_sfnames)

.debug_aranges  0x00000000       0xa0
 *(.debug_aranges)
 .debug_aranges
                0x00000000       0x20 c:/sysgcc/arm-eabi/bin/../lib/gcc/arm-eabi/7.2.0/thumb/cortex_m3\libgcc.a(_aeabi_ldivmod.o)
 .debug_aranges
                0x00000020       0x20 c:/sysgcc/arm-eabi/bin/../lib/gcc/arm-eabi/7.2.0/thumb/cortex_m3\libgcc.a(_aeabi_uldivmod.o)
 .debug_aranges
                0x00000040       0x20 c:/sysgcc/arm-eabi/bin/../lib/gcc/arm-eabi/7.2.0/thumb/cortex_m3\libgcc.a(_udivmoddi4.o)
 .debug_aranges
                0x00000060       0x20 c:/sysgcc/arm-eabi/bin/../lib/gcc/arm-eabi/7.2.0/thumb/cortex_m3\libgcc.a(_dvmd_tls.o)
 .debug_aranges
                0x00000080       0x20 c:/sysgcc/arm-eabi/bin/../lib/gcc/arm-eabi/7.2.0/../../../../arm-eabi/lib/thumb/cortex_m3\libc.a(lib_a-memset.o)

.debug_pubnames
 *(.debug_pubnames)

.debug_info     0x00000000     0x1b93
 *(.debug_info .gnu.linkonce.wi.*)
 .debug_info    0x00000000       0x26 c:/sysgcc/arm-eabi/bin/../lib/gcc/arm-eabi/7.2.0/thumb/cortex_m3\libgcc.a(_aeabi_ldivmod.o)
 .debug_info    0x00000026       0x26 c:/sysgcc/arm-eabi/bin/../lib/gcc/arm-eabi/7.2.0/thumb/cortex_m3\libgcc.a(_aeabi_uldivmod.o)
 .debug_info    0x0000004c      0xcff c:/sysgcc/arm-eabi/bin/../lib/gcc/arm-eabi/7.2.0/thumb/cortex_m3\libgcc.a(_udivmoddi4.o)
 .debug_info    0x00000d4b       0x26 c:/sysgcc/arm-eabi/bin/../lib/gcc/arm-eabi/7.2.0/thumb/cortex_m3\libgcc.a(_dvmd_tls.o)
 .debug_info    0x00000d71      0xe22 c:/sysgcc/arm-eabi/bin/../lib/gcc/arm-eabi/7.2.0/../../../../arm-eabi/lib/thumb/cortex_m3\libc.a(lib_a-memset.o)

.debug_abbrev   0x00000000      0x3b3
 *(.debug_abbrev)
 .debug_abbrev  0x00000000       0x14 c:/sysgcc/arm-eabi/bin/../lib/gcc/arm-eabi/7.2.0/thumb/cortex_m3\libgcc.a(_aeabi_ldivmod.o)
 .debug_abbrev  0x00000014       0x14 c:/sysgcc/arm-eabi/bin/../lib/gcc/arm-eabi/7.2.0/thumb/cortex_m3\libgcc.a(_aeabi_uldivmod.o)
 .debug_abbrev  0x00000028      0x199 c:/sysgcc/arm-eabi/bin/../lib/gcc/arm-eabi/7.2.0/thumb/cortex_m3\libgcc.a(_udivmoddi4.o)
 .debug_abbrev  0x000001c1       0x14 c:/sysgcc/arm-eabi/bin/../lib/gcc/arm-eabi/7.2.0/thumb/cortex_m3\libgcc.a(_dvmd_tls.o)
 .debug_abbrev  0x000001d5      0x1de c:/sysgcc/arm-eabi/bin/../lib/gcc/arm-eabi/7.2.0/../../../../arm-eabi/lib/thumb/cortex_m3\libc.a(lib_a-memset.o)

.debug_line     0x00000000      0x57e
 *(.debug_line)
 .debug_line    0x00000000       0x85 c:/sysgcc/arm-eabi/bin/../lib/gcc/arm-eabi/7.2.0/thumb/cortex_m3\libgcc.a(_aeabi_ldivmod.o)
 .debug_line    0x00000085       0x67 c:/sysgcc/arm-eabi/bin/../lib/gcc/arm-eabi/7.2.0/thumb/cortex_m3\libgcc.a(_aeabi_uldivmod.o)
 .debug_line    0x000000ec      0x265 c:/sysgcc/arm-eabi/bin/../lib/gcc/arm-eabi/7.2.0/thumb/cortex_m3\libgcc.a(_udivmoddi4.o)
 .debug_line    0x00000351       0x67 c:/sysgcc/arm-eabi/bin/../lib/gcc/arm-eabi/7.2.0/thumb/cortex_m3\libgcc.a(_dvmd_tls.o)
 .debug_line    0x000003b8      0x1c6 c:/sysgcc/arm-eabi/bin/../lib/gcc/arm-eabi/7.2.0/../../../../arm-eabi/lib/thumb/cortex_m3\libc.a(lib_a-memset.o)

.debug_frame    0x00000000       0xdc
 *(.debug_frame)
 .debug_frame   0x00000000       0x44 c:/sysgcc/arm-eabi/bin/../lib/gcc/arm-eabi/7.2.0/thumb/cortex_m3\libgcc.a(_aeabi_ldivmod.o)
 .debug_frame   0x00000044       0x2c c:/sysgcc/arm-eabi/bin/../lib/gcc/arm-eabi/7.2.0/thumb/cortex_m3\libgcc.a(_aeabi_uldivmod.o)
 .debug_frame   0x00000070       0x34 c:/sysgcc/arm-eabi/bin/../lib/gcc/arm-eabi/7.2.0/thumb/cortex_m3\libgcc.a(_udivmoddi4.o)
 .debug_frame   0x000000a4       0x38 c:/sysgcc/arm-eabi/bin/../lib/gcc/arm-eabi/7.2.0/../../../../arm-eabi/lib/thumb/cortex_m3\libc.a(lib_a-memset.o)

.debug_str      0x00000000     0x1b88
 *(.debug_str)
 .debug_str     0x00000000       0xb6 c:/sysgcc/arm-eabi/bin/../lib/gcc/arm-eabi/7.2.0/thumb/cortex_m3\libgcc.a(_aeabi_ldivmod.o)
 .debug_str     0x000000b6       0xb6 c:/sysgcc/arm-eabi/bin/../lib/gcc/arm-eabi/7.2.0/thumb/cortex_m3\libgcc.a(_aeabi_uldivmod.o)
 .debug_str     0x000000b6     0x1325 c:/sysgcc/arm-eabi/bin/../lib/gcc/arm-eabi/7.2.0/thumb/cortex_m3\libgcc.a(_udivmoddi4.o)
                               0x13da (size before relaxing)
 .debug_str     0x000013db       0x37 c:/sysgcc/arm-eabi/bin/../lib/gcc/arm-eabi/7.2.0/thumb/cortex_m3\libgcc.a(_dvmd_tls.o)
                                 0xba (size before relaxing)
 .debug_str     0x00001412      0x776 c:/sysgcc/arm-eabi/bin/../lib/gcc/arm-eabi/7.2.0/../../../../arm-eabi/lib/thumb/cortex_m3\libc.a(lib_a-memset.o)
                                0x8d2 (size before relaxing)

.debug_loc      0x00000000     0x1000
 *(.debug_loc)
 .debug_loc     0x00000000      0xe8b c:/sysgcc/arm-eabi/bin/../lib/gcc/arm-eabi/7.2.0/thumb/cortex_m3\libgcc.a(_udivmoddi4.o)
 .debug_loc     0x00000e8b      0x175 c:/sysgcc/arm-eabi/bin/../lib/gcc/arm-eabi/7.2.0/../../../../arm-eabi/lib/thumb/cortex_m3\libc.a(lib_a-memset.o)

.comment        0x00000000       0x11
 .comment       0x00000000       0x11 coroutine.o
                                 0x12 (size before relaxing)
 .comment       0x00000011       0x12 rtos.o
 .comment       0x00000011       0x12 hwlib.o
 .comment       0x00000011       0x12 main.o
 .comment       0x00000011       0x12 bmptk_cortex.o
 .comment       0x00000011       0x12 bmptk_heap_bmptk.o
 .comment       0x00000011       0x12 bmptk_fixed_size_stack.o
 .comment       0x00000011       0x12 c:/sysgcc/arm-eabi/bin/../lib/gcc/arm-eabi/7.2.0/thumb/cortex_m3\libgcc.a(_udivmoddi4.o)
 .comment       0x00000011       0x12 c:/sysgcc/arm-eabi/bin/../lib/gcc/arm-eabi/7.2.0/../../../../arm-eabi/lib/thumb/cortex_m3\libc.a(lib_a-memset.o)

.debug_macinfo
 *(.debug_macinfo)

.debug_weaknames
 *(.debug_weaknames)

.debug_funcnames
 *(.debug_funcnames)

.debug_typenames
 *(.debug_typenames)

.debug_varnames
 *(.debug_varnames)

.note.gnu.arm.ident
 *(.note.gnu.arm.ident)

.ARM.attributes
                0x00000000       0x2f
 *(.ARM.attributes)
 .ARM.attributes
                0x00000000       0x21 switch_to.o
 .ARM.attributes
                0x00000021       0x33 coroutine.o
 .ARM.attributes
                0x00000054       0x33 rtos.o
 .ARM.attributes
                0x00000087       0x33 hwlib.o
 .ARM.attributes
                0x000000ba       0x33 main.o
 .ARM.attributes
                0x000000ed       0x33 bmptk_cortex.o
 .ARM.attributes
                0x00000120       0x33 bmptk_heap_bmptk.o
 .ARM.attributes
                0x00000153       0x33 bmptk_fixed_size_stack.o
 .ARM.attributes
                0x00000186       0x23 c:/sysgcc/arm-eabi/bin/../lib/gcc/arm-eabi/7.2.0/thumb/cortex_m3\libgcc.a(_aeabi_ldivmod.o)
 .ARM.attributes
                0x000001a9       0x23 c:/sysgcc/arm-eabi/bin/../lib/gcc/arm-eabi/7.2.0/thumb/cortex_m3\libgcc.a(_aeabi_uldivmod.o)
 .ARM.attributes
                0x000001cc       0x33 c:/sysgcc/arm-eabi/bin/../lib/gcc/arm-eabi/7.2.0/thumb/cortex_m3\libgcc.a(_udivmoddi4.o)
 .ARM.attributes
                0x000001ff       0x23 c:/sysgcc/arm-eabi/bin/../lib/gcc/arm-eabi/7.2.0/thumb/cortex_m3\libgcc.a(_dvmd_tls.o)
 .ARM.attributes
                0x00000222       0x33 c:/sysgcc/arm-eabi/bin/../lib/gcc/arm-eabi/7.2.0/../../../../arm-eabi/lib/thumb/cortex_m3\libc.a(lib_a-memset.o)

/DISCARD/
 *(.note.GNU-stack)
                [!provide]                PROVIDE (__text_size, (__text_end - __text_start))
                [!provide]                PROVIDE (__exidx_size, (__exidx_end - __exidx_start))
                [!provide]                PROVIDE (__bss_size, (__bss_end - __bss_start))
                [!provide]                PROVIDE (__stack_size, (__stack_end - __stack_start))
                [!provide]                PROVIDE (__heap_size, (__heap_end - __heap_start))
OUTPUT(main.elf elf32-littlearm)

.debug_ranges   0x00000000       0xf8
 .debug_ranges  0x00000000       0xf8 c:/sysgcc/arm-eabi/bin/../lib/gcc/arm-eabi/7.2.0/thumb/cortex_m3\libgcc.a(_udivmoddi4.o)
